=== Test Suite: LibreriaString ===
[PASS] Constructor & len()
[PASS] Copy Constructor & equals()
[PASS] cambiarCadena()
[PASS] caracterEn() valid
[PASS] caracterEn() invalid
[PASS] contarCaracter()
[PASS] ultimoIndice()
[PASS] concatenar()
[PASS] concatenarEn()
[PASS] reemplazarEn() normal
[PASS] reemplazarEn() extension
[PASS] reemplazarOcurrencias()
[PASS] split() count
[PASS] split() part 1
[PASS] split() part 2
[PASS] split() part 3
[PASS] concatenarCadenas()
[PASS] File I/O
=== Tests Completed ===
